Log file open, 12/30/25 14:14:35
LogWindows: Enabling Tpause support
LogTrace: Initializing trace...
LogTrace: Finished trace initialization.
LogInit: Session CrashGUID >====================================================
         Session CrashGUID >   UECC-Windows-FBF412B4478296DD7589D5A9D880DE78
         Session CrashGUID >====================================================
LogConfig: No local boot hotfix file found at: [E:/UEProjects/TwoPersonArcheryBattle5-6-1/ArcheryBattle_5_6_1/Saved/PersistentDownloadDir/HotfixForNextBoot.txt]
LogPluginManager: Mounting Engine plugin PlatformCrypto
LogInit: ExecutableName: UnrealPak.exe
LogInit: Build: ++UE5+Release-5.6-CL-44394996
LogInit: Platform=WindowsEditor
LogInit: MachineId=3d2414b34095e319d6e684869fb4b243
LogInit: DeviceId=
LogInit: Engine Version: 5.6.1-44394996+++UE5+Release-5.6
LogInit: Compatible Engine Version: 5.6.0-43139311+++UE5+Release-5.6
LogInit: Net CL: 43139311
LogInit: OS: Windows 11 (24H2) [10.0.26100.7462] (), CPU: Intel(R) Core(TM) i7-14650HX, GPU: Intel(R) UHD Graphics
LogInit: Compiled (64-bit): Jul 28 2025 21:09:38
LogInit: Architecture: x64
LogInit: Compiled with Visual C++: 19.38.33130.00
LogInit: Build Configuration: Development
LogInit: Branch Name: ++UE5+Release-5.6
LogInit: Command Line: -CreateGlobalContainer=E:\UEProjects\TwoPersonArcheryBattle5-6-1\ArcheryBattle_5_6_1\Saved\StagedBuilds\Windows\ArcheryBattle_5_6_1\Content\Paks\global.utoc -PackageStoreManifest=E:\UEProjects\TwoPersonArcheryBattle5-6-1\ArcheryBattle_5_6_1\Saved\Cooked\Windows\ArcheryBattle_5_6_1\Metadata\packagestore.manifest -CookedDirectory=E:\UEProjects\TwoPersonArcheryBattle5-6-1\ArcheryBattle_5_6_1\Saved\Cooked\Windows -Commands="C:\Users\Lenovo\AppData\Roaming\Unreal Engine\AutomationTool\Logs\D+UE+Engine+UE_5.6\IoStoreCommands.txt" -ScriptObjects=E:\UEProjects\TwoPersonArcheryBattle5-6-1\ArcheryBattle_5_6_1\Saved\Cooked\Windows\ArcheryBattle_5_6_1\Metadata\scriptobjects.bin -patchpaddingalign=2048 -compressionformats=Oodle -compresslevel=4 -compressmethod=Kraken -cryptokeys=E:\UEProjects\TwoPersonArcheryBattle5-6-1\ArcheryBattle_5_6_1\Saved\Cooked\Windows\ArcheryBattle_5_6_1\Metadata\Crypto.json -compressionMinBytesSaved=1024 -compressionMinPercentSaved=5 -WriteBackMetadataToAssetRegistry=Disabled -nopak
LogInit: Base Directory: D:/UE/Engine/UE_5.6/Engine/Binaries/Win64/
LogInit: Allocator: Mimalloc
LogInit: Installed Engine Build: 1
LogInit: This binary is optimized with LTO: no, PGO: no, instrumented for PGO data collection: no
LogDevObjectVersion: Number of dev versions registered: 35
LogDevObjectVersion:   Dev-Blueprints (B0D832E4-1F89-4F0D-ACCF-7EB736FD4AA2): 10
LogDevObjectVersion:   Dev-Build (E1C64328-A22C-4D53-A36C-8E866417BD8C): 0
LogDevObjectVersion:   Dev-Core (375EC13C-06E4-48FB-B500-84F0262A717E): 4
LogDevObjectVersion:   Dev-Editor (E4B068ED-F494-42E9-A231-DA0B2E46BB41): 40
LogDevObjectVersion:   Dev-Framework (CFFC743F-43B0-4480-9391-14DF171D2073): 37
LogDevObjectVersion:   Dev-Mobile (B02B49B5-BB20-44E9-A304-32B752E40360): 3
LogDevObjectVersion:   Dev-Networking (A4E4105C-59A1-49B5-A7C5-40C4547EDFEE): 0
LogDevObjectVersion:   Dev-Online (39C831C9-5AE6-47DC-9A44-9C173E1C8E7C): 0
LogDevObjectVersion:   Dev-Physics (78F01B33-EBEA-4F98-B9B4-84EACCB95AA2): 20
LogDevObjectVersion:   Dev-Platform (6631380F-2D4D-43E0-8009-CF276956A95A): 0
LogDevObjectVersion:   Dev-Rendering (12F88B9F-8875-4AFC-A67C-D90C383ABD29): 49
LogDevObjectVersion:   Dev-Sequencer (7B5AE74C-D270-4C10-A958-57980B212A5A): 13
LogDevObjectVersion:   Dev-VR (D7296918-1DD6-4BDD-9DE2-64A83CC13884): 3
LogDevObjectVersion:   Dev-LoadTimes (C2A15278-BFE7-4AFE-6C17-90FF531DF755): 1
LogDevObjectVersion:   Private-Geometry (6EACA3D4-40EC-4CC1-B786-8BED09428FC5): 3
LogDevObjectVersion:   Dev-AnimPhys (29E575DD-E0A3-4627-9D10-D276232CDCEA): 17
LogDevObjectVersion:   Dev-Anim (AF43A65D-7FD3-4947-9873-3E8ED9C1BB05): 15
LogDevObjectVersion:   Dev-ReflectionCapture (6B266CEC-1EC7-4B8F-A30B-E4D90942FC07): 1
LogDevObjectVersion:   Dev-Automation (0DF73D61-A23F-47EA-B727-89E90C41499A): 1
LogDevObjectVersion:   FortniteMain (601D1886-AC64-4F84-AA16-D3DE0DEAC7D6): 207
LogDevObjectVersion:   FortniteValkyrie (8DBC2C5B-54A7-43E0-A768-FCBB7DA29060): 8
LogDevObjectVersion:   FortniteSeason (5B4C06B7-2463-4AF8-805B-BF70CDF5D0DD): 13
LogDevObjectVersion:   FortniteRelease (E7086368-6B23-4C58-8439-1B7016265E91): 17
LogDevObjectVersion:   Dev-Enterprise (9DFFBCD6-494F-0158-E221-12823C92A888): 11
LogDevObjectVersion:   Dev-Niagara (F2AED0AC-9AFE-416F-8664-AA7FFA26D6FC): 1
LogDevObjectVersion:   Dev-Destruction (174F1F0B-B4C6-45A5-B13F-2EE8D0FB917D): 10
LogDevObjectVersion:   Dev-Physics-Ext (35F94A83-E258-406C-A318-09F59610247C): 41
LogDevObjectVersion:   Dev-PhysicsMaterial-Chaos (B68FC16E-8B1B-42E2-B453-215C058844FE): 1
LogDevObjectVersion:   Dev-CineCamera (B2E18506-4273-CFC2-A54E-F4BB758BBA07): 1
LogDevObjectVersion:   Dev-VirtualProduction (64F58936-FD1B-42BA-BA96-7289D5D0FA4E): 1
LogDevObjectVersion:   UE5-Main (697DD581-E64F-41AB-AA4A-51ECBEB7B628): 121
LogDevObjectVersion:   UE5-Release (D89B5E42-24BD-4D46-8412-ACA8DF641779): 56
LogDevObjectVersion:   UE5-SpecialProject (59DA5D52-1232-4948-B878-597870B8E98B): 9
LogDevObjectVersion:   Dev-MediaFramework (6F0ED827-A609-4895-9C91-998D90180EA4): 2
LogDevObjectVersion:   Dev-NaniteResearch (30D58BE3-95EA-4282-A6E3-B159D8EBB06A): 1
LogInit: Presizing for max 100000 objects, including 0 objects not considered by GC.
LogInit: Object subsystem initialized
LogConfig: Applying CVar settings from Section [Startup] File [../../../Engine/Config/ConsoleVariables.ini]
LogConfig: CVar [[r.DumpShaderDebugInfo:2]] deferred - dummy variable created
LogConfig: CVar [[p.chaos.AllowCreatePhysxBodies:1]] deferred - dummy variable created
LogConfig: CVar [[fx.SkipVectorVMBackendOptimizations:1]] deferred - dummy variable created
[2025.12.30-06.14.35:330][  0]LogConfig: CVar [[ds.CADTranslator.Meshing.ActivateThinZoneMeshing:0]] deferred - dummy variable created
[2025.12.30-06.14.35:330][  0]LogConfig: CVar [[ds.CADTranslator.Stitching.RemoveThinFaces:0]] deferred - dummy variable created
[2025.12.30-06.14.35:330][  0]LogConfig: Applying CVar settings from Section [Startup_Windows] File [../../../Engine/Config/ConsoleVariables.ini]
[2025.12.30-06.14.35:330][  0]LogConfig: Applying CVar settings from Section [ConsoleVariables] File [Engine]
[2025.12.30-06.14.35:330][  0]LogInit: Computer: LAPTOP-BBIS3I12
[2025.12.30-06.14.35:330][  0]LogInit: User: Lenovo
[2025.12.30-06.14.35:330][  0]LogInit: CPU Page size=4096, Cores=16
[2025.12.30-06.14.35:330][  0]LogInit: High frequency timer resolution =10.000000 MHz
[2025.12.30-06.14.35:330][  0]LogMemory: Process is running as part of a Windows Job with separate resource limits
[2025.12.30-06.14.35:330][  0]LogMemory: Memory total: Physical=15.7GB (16GB approx) Virtual=40.7GB
[2025.12.30-06.14.35:330][  0]LogMemory: Platform Memory Stats for WindowsEditor
[2025.12.30-06.14.35:331][  0]LogMemory: Process Physical Memory: 74.89 MB used, 74.89 MB peak
[2025.12.30-06.14.35:331][  0]LogMemory: Process Virtual Memory: 156.02 MB used, 156.02 MB peak
[2025.12.30-06.14.35:331][  0]LogMemory: Physical Memory: 12120.34 MB used,  3971.53 MB free, 16091.87 MB total
[2025.12.30-06.14.35:331][  0]LogMemory: Virtual Memory: 21051.25 MB used,  20640.61 MB free, 41691.87 MB total
[2025.12.30-06.14.35:337][  0]LogAssetRegistry: FAssetRegistry took 0.0001 seconds to start up
[2025.12.30-06.14.35:337][  0]LogUObjectArray: 462 objects as part of root set at end of initial load.
[2025.12.30-06.14.35:337][  0]LogUObjectArray: CloseDisregardForGC: 0/0 objects in disregard for GC pool
[2025.12.30-06.14.35:337][  0]LogInit: Using OS detected language ().
[2025.12.30-06.14.35:337][  0]LogInit: Using OS detected locale ().
[2025.12.30-06.14.35:338][  0]LogTextLocalizationManager: No localization for '' exists, so 'en' will be used for the language.
[2025.12.30-06.14.35:338][  0]LogTextLocalizationManager: No localization for '' exists, so 'en' will be used for the locale.
[2025.12.30-06.14.35:338][  0]LogInit: Using OS detected language ().
[2025.12.30-06.14.35:338][  0]LogInit: Using OS detected locale ().
[2025.12.30-06.14.35:338][  0]LogTextLocalizationManager: No localization for '' exists, so 'en' will be used for the language.
[2025.12.30-06.14.35:338][  0]LogTextLocalizationManager: No localization for '' exists, so 'en' will be used for the locale.
[2025.12.30-06.14.35:338][  0]LogPakFile: Display: ProjectDir: E:/UEProjects/TwoPersonArcheryBattle5-6-1/ArcheryBattle_5_6_1/
[2025.12.30-06.14.35:339][  0]LogIoStore: Display: ==================== IoStore Utils ====================
[2025.12.30-06.14.35:340][  0]LogIoStore: Display: Parsing crypto keys from a crypto key cache file 'E:\UEProjects\TwoPersonArcheryBattle5-6-1\ArcheryBattle_5_6_1\Saved\Cooked\Windows\ArcheryBattle_5_6_1\Metadata\Crypto.json'
[2025.12.30-06.14.35:342][  0]LogIoStore: Display: Container signing - DISABLED
[2025.12.30-06.14.35:342][  0]LogIoStore: Display: Directory index - ENABLED
[2025.12.30-06.14.35:342][  0]LogIoStore: Display: Using compression format 'Oodle'
[2025.12.30-06.14.35:342][  0]LogIoStore: Display: Using memory mapping alignment '16384'
[2025.12.30-06.14.35:342][  0]LogIoStore: Display: Using compression block size '65536'
[2025.12.30-06.14.35:342][  0]LogIoStore: Display: Using compression block alignment '2048'
[2025.12.30-06.14.35:342][  0]LogIoStore: Display: Using compression min bytes saved '1024'
[2025.12.30-06.14.35:342][  0]LogIoStore: Display: Using compression min percent saved '5'
[2025.12.30-06.14.35:342][  0]LogIoStore: Display: Using max partition size '0'
[2025.12.30-06.14.35:342][  0]LogIoStore: Display: Not using DDC for compression
[2025.12.30-06.14.35:342][  0]LogIoStore: Display: Using command list file: 'C:\Users\Lenovo\AppData\Roaming\Unreal Engine\AutomationTool\Logs\D+UE+Engine+UE_5.6\IoStoreCommands.txt'
[2025.12.30-06.14.35:344][  0]LogIoStore: Display: Selected Oodle level 4 (Normal) from command line for shaders
[2025.12.30-06.14.35:344][  0]LogIoStore: Display: Fetched 634 oplog items from Manifest in 0.00 seconds
[2025.12.30-06.14.35:346][  0]LogIoStore: Display: Parsed 634 oplog items 0.00 seconds, 785 chunks
[2025.12.30-06.14.35:349][  0]LogIoStore: Display: Using input asset registry: E:/UEProjects/TwoPersonArcheryBattle5-6-1/ArcheryBattle_5_6_1/Saved/Cooked/Windows/ArcheryBattle_5_6_1/Metadata/DevelopmentAssetRegistry.bin
[2025.12.30-06.14.35:353][  0]LogIoStore: Display: Loaded 158 chunk hashes from AssetRegistry in 0.01 seconds, 158 hashes updated in 0.00 seconds
[2025.12.30-06.14.35:357][  0]LogIoStore: Display: Searching for cooked assets in folder 'E:\UEProjects\TwoPersonArcheryBattle5-6-1\ArcheryBattle_5_6_1\Saved\Cooked\Windows'
[2025.12.30-06.14.35:366][  0]LogIoStore: Display: Found '1420' files
[2025.12.30-06.14.35:374][  0]LogIoStore: Display: Creating container targets...
[2025.12.30-06.14.35:377][  0]OodleDataCompression: Display: Oodle v2.9.13 format for pak/iostore with method=Kraken, level=4=Normal
[2025.12.30-06.14.35:425][  0]LogIoStore: Display: Parsing packages...
[2025.12.30-06.14.35:425][  0]LogIoStore: Display: Reading package assets...
[2025.12.30-06.14.35:429][  0]LogIoStore: Display: Packages read 627 files in 0.00 seconds, 1,111,143 total bytes, 275,260,237 bytes per second
[2025.12.30-06.14.35:432][  0]LogIoStore: Display: Processing shader libraries, compressing with Oodle Mermaid, level 4 (Normal)
[2025.12.30-06.14.35:436][  0]LogShaderLibrary: Display: Created IoStoreShaderArchive header: shaders grouped in 185 groups (85 of them didn't need new indices), average uncompressed size 71047 bytes, min 490 bytes, max 966610 bytes (r.ShaderCodeLibrary.MaxShaderGroupSize=1048576)
[2025.12.30-06.14.35:459][  0]LogIoStore: Display: ArcheryBattle_5_6_1-PCD3D_SM5(PCD3D_SM5): Recompressed 1203 shaders as 185 groups. Library size changed from 3518 KB (3.65 : 1 ratio) to 1523 KB (8.43 : 1 ratio), 43.30% of previous.
[2025.12.30-06.14.35:471][  0]LogShaderLibrary: Display: Created IoStoreShaderArchive header: shaders grouped in 213 groups (65 of them didn't need new indices), average uncompressed size 132448 bytes, min 2342 bytes, max 967464 bytes (r.ShaderCodeLibrary.MaxShaderGroupSize=1048576)
[2025.12.30-06.14.35:615][  0]LogIoStore: Display: ArcheryBattle_5_6_1-PCD3D_SM6(PCD3D_SM6): Recompressed 2270 shaders as 213 groups. Library size changed from 21119 KB (1.30 : 1 ratio) to 13825 KB (1.99 : 1 ratio), 65.46% of previous.
[2025.12.30-06.14.35:627][  0]LogShaderLibrary: Display: Created IoStoreShaderArchive header: shaders grouped in 379 groups (139 of them didn't need new indices), average uncompressed size 150965 bytes, min 249 bytes, max 1048075 bytes (r.ShaderCodeLibrary.MaxShaderGroupSize=1048576)
[2025.12.30-06.14.35:706][  0]LogIoStore: Display: Global-PCD3D_SM5(PCD3D_SM5): Recompressed 4106 shaders as 379 groups. Library size changed from 12766 KB (4.38 : 1 ratio) to 5612 KB (9.96 : 1 ratio), 43.96% of previous.
[2025.12.30-06.14.35:785][  0]LogShaderLibrary: Display: Created IoStoreShaderArchive header: shaders grouped in 636 groups (187 of them didn't need new indices), average uncompressed size 298237 bytes, min 1249 bytes, max 1045520 bytes (r.ShaderCodeLibrary.MaxShaderGroupSize=1048576)
[2025.12.30-06.14.37:041][  0]LogIoStore: Display: Global-PCD3D_SM6(PCD3D_SM6): Recompressed 10691 shaders as 636 groups. Library size changed from 140593 KB (1.32 : 1 ratio) to 82364 KB (2.25 : 1 ratio), 58.58% of previous.
[2025.12.30-06.14.37:053][  0]LogIoStore: Display: Shaders processed in 1.62 seconds
[2025.12.30-06.14.37:055][  0]LogIoStore: Display: Initialized WriteRequestManager with MaxConcurrentSourceReads=12 (24 cores), MaxSourceBufferMemory=3072MiB
[2025.12.30-06.14.37:057][  0]LogIoStore: Display: Processing redirects...
[2025.12.30-06.14.37:058][  0]LogIoStore: Display: Creating disk layout...
[2025.12.30-06.14.37:060][  0]LogIoStore: Display: Ordered 627 packages using fallback bundle order
[2025.12.30-06.14.37:075][  0]LogIoStore: Display: Serializing container(s)...
[2025.12.30-06.14.37:842][  0]LogIoStore: Display: Writing and compressing took 0.67 seconds, writes to disk took 0.51 seconds for 338,423,568 bytes @ 657,728,929 bytes per second.
[2025.12.30-06.14.37:842][  0]LogIoStore: Display: global: Found perfect hashmap for 1 items.
[2025.12.30-06.14.37:842][  0]LogIoStore: Display: ArcheryBattle_5_6_1-Windows: Found perfect hashmap for 2202 items.
[2025.12.30-06.14.37:848][  0]LogIoStore: Display: Finalize took 0.0 seconds for 2 writers to write 270,230 bytes, 53,441,047 bytes per second
[2025.12.30-06.14.37:848][  0]LogIoStore: Display: Writing tocs... [Physical: 944 MiB, Virtual: 3615 MiB]
[2025.12.30-06.14.37:848][  0]LogIoStore: Display: 158 / 2,203 hashes were loaded from the hash database, by type:
[2025.12.30-06.14.37:848][  0]LogIoStore: Display:     BulkData                   158
[2025.12.30-06.14.37:848][  0]LogIoStore: Display: 785 / 2,203 chunks attempted to compress, by type:
[2025.12.30-06.14.37:848][  0]LogIoStore: Display:     ExportBundleData           627 / 627
[2025.12.30-06.14.37:848][  0]LogIoStore: Display:     BulkData                   158 / 158
[2025.12.30-06.14.37:848][  0]LogIoStore: Display:     ScriptObjects              0 / 1
[2025.12.30-06.14.37:848][  0]LogIoStore: Display:     ContainerHeader            0 / 1
[2025.12.30-06.14.37:848][  0]LogIoStore: Display:     ShaderCodeLibrary          0 / 4
[2025.12.30-06.14.37:848][  0]LogIoStore: Display:     ShaderCode                 0 / 1,412
[2025.12.30-06.14.37:848][  0]LogIoStore: Display: Source bytes read:
[2025.12.30-06.14.37:848][  0]LogIoStore: Display:     Zen:                                  0
[2025.12.30-06.14.37:848][  0]LogIoStore: Display:     Loose File:                 637,513,230
[2025.12.30-06.14.37:848][  0]LogIoStore: Display:         ExportBundleData        343,123,080 bytes over 1,254 reads
[2025.12.30-06.14.37:848][  0]LogIoStore: Display:         BulkData                294,390,150 bytes over 158 reads
[2025.12.30-06.14.37:848][  0]LogIoStore: Display:     Memory:                     213,072,596
[2025.12.30-06.14.37:848][  0]LogIoStore: Display:         ShaderCodeLibrary         1,461,656 bytes over 8 reads
[2025.12.30-06.14.37:848][  0]LogIoStore: Display:         ShaderCode              211,610,940 bytes over 2,824 reads
[2025.12.30-06.14.37:848][  0]LogIoStore: Display: Calculating stats...
[2025.12.30-06.14.37:848][  0]LogIoStore: Display: 
[2025.12.30-06.14.37:848][  0]LogIoStore: Display: Container Summary
[2025.12.30-06.14.37:848][  0]LogIoStore: Display: ==================
[2025.12.30-06.14.37:848][  0]LogIoStore: Display: 
[2025.12.30-06.14.37:848][  0]LogIoStore: Display: Container                                               Flags      Chunk(s) #       TOC (KiB)       Raw Size (MiB)           Size (MiB)
[2025.12.30-06.14.37:849][  0]LogIoStore: Display: ----------------------------------------------------------------------------------------------------------------------------------------------
[2025.12.30-06.14.37:849][  0]LogIoStore: Display: global                                              -/-/-/-/-               1            0.65                 2.43                 2.43 -
[2025.12.30-06.14.37:849][  0]LogIoStore: Display: ArcheryBattle_5_6_1-Windows                         C/-/-/I/-            2202          263.25               548.24               320.31 (41.57% Oodle)
[2025.12.30-06.14.37:849][  0]LogIoStore: Display: ----------------------------------------------------------------------------------------------------------------------------------------------
[2025.12.30-06.14.37:849][  0]LogIoStore: Display: Total                                                                    2203          263.90               550.67               322.75
[2025.12.30-06.14.37:849][  0]LogIoStore: Display: 
[2025.12.30-06.14.37:849][  0]LogIoStore: Display: ** Flags: (C)ompressed / (E)ncrypted / (S)igned) / (I)ndexed) / (O)nDemand **
[2025.12.30-06.14.37:849][  0]LogIoStore: Display: 
[2025.12.30-06.14.37:849][  0]LogIoStore: Display: Compression block padding:     1.59 MiB
[2025.12.30-06.14.37:849][  0]LogIoStore: Display: 
[2025.12.30-06.14.37:849][  0]LogIoStore: Display: Container Directory Index
[2025.12.30-06.14.37:849][  0]LogIoStore: Display: ==========================
[2025.12.30-06.14.37:849][  0]LogIoStore: Display: 
[2025.12.30-06.14.37:849][  0]LogIoStore: Display: Container                                          Size (KiB)
[2025.12.30-06.14.37:849][  0]LogIoStore: Display: ----------------------------------------------------------------------------------------------------------------------------------------------
[2025.12.30-06.14.37:849][  0]LogIoStore: Display: global                                                   0.00
[2025.12.30-06.14.37:849][  0]LogIoStore: Display: ArcheryBattle_5_6_1-Windows                             37.26
[2025.12.30-06.14.37:849][  0]LogIoStore: Display: 
[2025.12.30-06.14.37:849][  0]LogIoStore: Display: Container Patch Report
[2025.12.30-06.14.37:849][  0]LogIoStore: Display: ========================
[2025.12.30-06.14.37:849][  0]LogIoStore: Display: 
[2025.12.30-06.14.37:849][  0]LogIoStore: Display: Container                                             Total #       Modified #          Added #   Modified (MiB)      Added (MiB)
[2025.12.30-06.14.37:849][  0]LogIoStore: Display: ----------------------------------------------------------------------------------------------------------------------------------------------
[2025.12.30-06.14.37:849][  0]LogIoStore: Display: global                                                      1                0                0             0.00             0.00
[2025.12.30-06.14.37:849][  0]LogIoStore: Display: ArcheryBattle_5_6_1-Windows                              2202                0             2202             0.00           318.72
[2025.12.30-06.14.37:849][  0]LogIoStore: Display: 
[2025.12.30-06.14.37:849][  0]LogIoStore: Display: PackageStore
[2025.12.30-06.14.37:849][  0]LogIoStore: Display: =============
[2025.12.30-06.14.37:849][  0]LogIoStore: Display: 
[2025.12.30-06.14.37:849][  0]LogIoStore: Display: Container                                          Size (KiB)      Packages #     Localized #
[2025.12.30-06.14.37:849][  0]LogIoStore: Display: ----------------------------------------------------------------------------------------------------------------------------------------------
[2025.12.30-06.14.37:849][  0]LogIoStore: Display: ArcheryBattle_5_6_1-Windows                                21             627               0
[2025.12.30-06.14.37:849][  0]LogIoStore: Display: ----------------------------------------------------------------------------------------------------------------------------------------------
[2025.12.30-06.14.37:849][  0]LogIoStore: Display: Total                                                      21             627               0
[2025.12.30-06.14.37:849][  0]LogIoStore: Display: 
[2025.12.30-06.14.37:849][  0]LogIoStore: Display: 
[2025.12.30-06.14.37:849][  0]LogIoStore: Display: Input:       627 Packages
[2025.12.30-06.14.37:849][  0]LogIoStore: Display: Input:      0.16 GB UExp
[2025.12.30-06.14.37:849][  0]LogIoStore: Display: Input:      0.00 GB UAsset
[2025.12.30-06.14.37:849][  0]LogIoStore: Display: Input:      0.27 GB UBulk
[2025.12.30-06.14.37:849][  0]LogIoStore: Display: Input:     85.91 MB for 1015 Global shaders
[2025.12.30-06.14.37:849][  0]LogIoStore: Display: Input:      1.63 MB for 174 Shared shaders
[2025.12.30-06.14.37:849][  0]LogIoStore: Display: Input:      0.00 MB for 0 Unique shaders
[2025.12.30-06.14.37:849][  0]LogIoStore: Display: Input:     13.36 MB for 223 Inline shaders
[2025.12.30-06.14.37:849][  0]LogIoStore: Display: 
[2025.12.30-06.14.37:849][  0]LogIoStore: Display: Output:     7447 Name map entries
[2025.12.30-06.14.37:849][  0]LogIoStore: Display: Output:      836 Imported package entries
[2025.12.30-06.14.37:849][  0]LogIoStore: Display: Output:      342 Packages without imports
[2025.12.30-06.14.37:849][  0]LogIoStore: Display: Output:        0 Public runtime script objects
[2025.12.30-06.14.37:849][  0]LogIoStore: Display: Output:     0.00 GB HeaderData
[2025.12.30-06.14.37:849][  0]LogIoStore: Display: Output:     2.43 MB InitialLoadData
[2025.12.30-06.14.37:849][  0]LogIoStore: Display: 
[2025.12.30-06.14.37:852][  0]LogPakFile: Display: UnrealPak executed in 2.515042 seconds
[2025.12.30-06.14.37:859][  0]LogCore: Engine exit requested (reason: UnrealPak Exiting)
[2025.12.30-06.14.37:859][  0]LogExit: Preparing to exit.
[2025.12.30-06.14.37:861][  0]LogExit: Object subsystem successfully closed.
[2025.12.30-06.14.37:863][  0]LogPakFile: Destroying PakPlatformFile
[2025.12.30-06.14.37:865][  0]LogExit: Exiting.
[2025.12.30-06.14.37:871][  0]Log file closed, 12/30/25 14:14:37
